2026-01-11 19:04:11,090 - schedule - DEBUG - Running job Job(interval=1, unit=days, do=run_hunt, args=(), kwargs={})
2026-01-11 19:04:13,144 - handlers.HuntModeHandler - INFO - Starting hunt mode...
2026-01-11 19:04:13,274 - handlers.HuntModeHandler - INFO - Found 1 items to hunt (ordered by priority): ['Polychrome ×100']
2026-01-11 19:04:13,281 - handlers.HuntModeHandler - INFO - Item 'Polychrome ×100' will be available at 18:00 13/01/26
2026-01-11 19:04:13,286 - handlers.HuntModeHandler - INFO - Next hunt scheduled for: 18:00 13/01/26
2026-01-11 19:04:13,286 - handlers.HuntModeHandler - INFO - Target item availability time: 18:00 13/01/26
2026-01-11 19:04:13,396 - asyncio - DEBUG - Using proactor: IocpProactor
2026-01-11 19:04:36,649 - automation.RetryHelper - WARNING - Attempt 1/10: Timeout waiting for button or screen
2026-01-11 19:04:42,412 - automation.RetryHelper - DEBUG - Button clicked (attempt 2/10)
2026-01-11 19:04:42,487 - automation.RetryHelper - DEBUG - Attempt 2/10: Target screen not visible, retrying...
2026-01-11 19:04:43,531 - automation.RetryHelper - DEBUG - Button clicked (attempt 3/10)
2026-01-11 19:04:43,536 - automation.RetryHelper - DEBUG - Attempt 3/10: Target screen not visible, retrying...
2026-01-11 19:04:44,598 - automation.RetryHelper - DEBUG - Button clicked (attempt 4/10)
2026-01-11 19:04:44,605 - automation.RetryHelper - INFO - Target screen appeared on attempt 4
2026-01-11 19:04:44,606 - handlers.ShoppingHandler - INFO - Shopping screen opened
2026-01-11 19:04:44,615 - automation.RetryHelper - INFO - Non-zero count found: 2 (attempt 1/10)
2026-01-11 19:04:44,615 - automation.ImageProcessor - INFO - Found 2 avatars
2026-01-11 19:04:44,695 - automation.ImageProcessor - DEBUG - Resolved image URL: https://act.hoyolab.com/bbs/event/bbs-event-20230908mimo/images/icon-rpg.ec3aefb3..png
2026-01-11 19:04:44,719 - urllib3.connectionpool - DEBUG - Resetting dropped connection: act.hoyolab.com
2026-01-11 19:04:45,307 - urllib3.connectionpool - DEBUG - https://act.hoyolab.com:443 "GET /bbs/event/bbs-event-20230908mimo/images/icon-rpg.ec3aefb3..png HTTP/1.1" 200 48212
2026-01-11 19:04:45,360 - automation.ImageProcessor - DEBUG - Avatar 1: 73.32% difference from ZZZ icon
2026-01-11 19:04:45,390 - automation.ImageProcessor - DEBUG - Resolved image URL: https://act.hoyolab.com/bbs/event/bbs-event-20230908mimo/images/icon-zzz.b4ecc9ef..png
2026-01-11 19:04:45,443 - urllib3.connectionpool - DEBUG - https://act.hoyolab.com:443 "GET /bbs/event/bbs-event-20230908mimo/images/icon-zzz.b4ecc9ef..png HTTP/1.1" 200 57692
2026-01-11 19:04:45,489 - automation.ImageProcessor - DEBUG - Avatar 2: 0.00% difference from ZZZ icon
2026-01-11 19:04:45,489 - automation.ImageProcessor - INFO - ZZZ avatar found at position 2
2026-01-11 19:04:45,537 - handlers.ShoppingHandler - INFO - Selected ZZZ avatar
2026-01-11 19:04:46,615 - handlers.HuntModeHandler - INFO - ==================================================
2026-01-11 19:04:46,616 - handlers.HuntModeHandler - INFO - PHASE 1: Exchanging all hunt items...
2026-01-11 19:04:46,616 - handlers.HuntModeHandler - INFO - ==================================================
2026-01-11 19:04:46,616 - handlers.HuntModeHandler - INFO - Starting hunt for 'Polychrome ×100'
2026-01-11 19:04:46,616 - handlers.HuntModeHandler - INFO - Waiting for 'Polychrome ×100' to become available...
2026-01-11 19:04:46,629 - handlers.HuntModeHandler - INFO - Item 'Polychrome ×100' button status: 46:55:15
2026-01-11 19:04:47,645 - handlers.HuntModeHandler - INFO - Item 'Polychrome ×100' button status: 46:55:14
